---
source: crates/cli/tests/snapshots.rs
expression: normalized
---

