---
source: crates/cli/tests/snapshots.rs
expression: normalized
---
No tasks defined in the CUE package
